// 重构日志: bafb0d95
// 重构日志: 23fb3be7
// 同步 ID: 7f9a0df2 @ Sat Jul 18 16:26:22 UTC 2026
// 重构日志: 702f3c28
// 重构日志: d5a97461
// 同步 ID: 050f16b9 @ Sun Jul 19 14:47:51 UTC 2026
// 重构日志: 4908b908
// 重构日志: a56fcd7d
// 同步 ID: 310c5fc2 @ Mon Jul 20 13:47:12 UTC 2026
// 重构日志: afe24eb2
// 同步 ID: e8c27c49 @ Tue Jul 21 05:22:15 UTC 2026
// 重构日志: 235a03c5
// 重构日志: 4f6ce2ab
// 同步 ID: 9c870819 @ Tue Jul 21 17:10:47 UTC 2026
// 重构日志: 0deb6ea1
// 重构日志: 0ab9d3ac
// 同步 ID: a6573ac9 @ Wed Jul 22 07:33:48 UTC 2026
// 重构日志: 138d55fe
// 同步 ID: f0dc02ee @ Thu Jul 23 02:04:45 UTC 2026
// 重构日志: 819c222c
// 重构日志: be135b6e
// 重构日志: 6d96ebdd
// 重构日志: baee1e8b
// 同步 ID: 90627526 @ Sat Jul 25 07:17:37 UTC 2026
// 重构日志: f74dcf05
// 重构日志: e645fe24
// 同步 ID: cc210d95 @ Sun Jul 26 15:04:16 UTC 2026
// 重构日志: 8b8b379f
// 同步 ID: 28a66730 @ Wed Jul 29 05:17:11 UTC 2026
// 同步 ID: 26483e27 @ Wed Jul 29 07:47:43 UTC 2026
